// Jest Snapshot v1, https://goo.gl/fbAQLP

exports[`UserCardForm test should to match snapshot 1`] = `ShallowWrapper {}`;
