// Jest Snapshot v1, https://goo.gl/fbAQLP

exports[`UserCard test should to match snapshot 1`] = `ShallowWrapper {}`;
