// Jest Snapshot v1, https://goo.gl/fbAQLP

exports[`StartPage test should to match snapshot 1`] = `ShallowWrapper {}`;
