// Jest Snapshot v1, https://goo.gl/fbAQLP

exports[`<GamePage /> test should to match snapshot 1`] = `ReactWrapper {}`;
