// Jest Snapshot v1, https://goo.gl/fbAQLP

exports[`UserCardWrapper test should to match snapshot 1`] = `ShallowWrapper {}`;
