// Jest Snapshot v1, https://goo.gl/fbAQLP

exports[`<MainPage /> test should to match snapshot 1`] = `ReactWrapper {}`;
