// Jest Snapshot v1, https://goo.gl/fbAQLP

exports[`<MainLayout /> test should to match snapshot 1`] = `ReactWrapper {}`;
